============================================================
  🎭 FAKE CRM SERVER INITIALIZED
  📊 Data Generated:
     • Companies: 15
     • Contacts: 50
     • Deals: 25
     • Tickets: 35
     • Orders: 40
     • Products: 10
     • Notes/Activities: 30
============================================================

============================================================
  🚀 Starting FakeCRM Server...
  📍 http://localhost:8888
  ⚠️  FOR TESTING ONLY - All data is fake!
============================================================

INFO:     Started server process [7474]
INFO:     Waiting for application startup.
INFO:     Application startup complete.
INFO:     Uvicorn running on http://0.0.0.0:8888 (Press CTRL+C to quit)
INFO:     127.0.0.1:38664 - "GET /api/v2/tickets?limit=2 HTTP/1.1" 200 OK
